<html>
<body>
<pre>
<h1>µVision Build Log</h1>
<h2>Project:</h2>
E:\Project\PrjMoveCtrl\CodeDev\PrjMoveCtrl\Code\build\MDK\PrjMoveCtrl.uvproj
Project File Date:  04/23/2016

<h2>Output:</h2>
Build target '1'
compiling global.c...
compiling gpio.c...
compiling main.c...
compiling TSIDrv.c...
..\..\src\projects\Src\TSIDrv.c(22): warning:  #550-D: variable "AbsoluteDistancePosition" was set but never used
compiling alloc.c...
compiling assert.c...
compiling io.c...
compiling memtest.c...
compiling queue.c...
compiling stdlib.c...
compiling uif.c...
..\..\src\common\Src\uif.c(161): warning:  #1293-D: assignment in condition
compiling arm_cm0.c...
assembling MDK_MKL05Z4.s...
compiling nmi_isr_handler.c...
compiling sysinit.c...
compiling flag.c...
compiling flash.c...
compiling llwu.c...
compiling lptmr.c...
compiling mcg.c...
compiling pit.c...
compiling pmc.c...
compiling rcm.c...
compiling Retarget.c...
compiling rtc.c...
compiling Serial.c...
compiling uart.c...
linking...
..\Output\PrjMoveCtrl.axf: Error: L6406E: No space in execution regions with .ANY selector matching libspace.o(.bss).
..\Output\PrjMoveCtrl.axf: Error: L6406E: No space in execution regions with .ANY selector matching tsidrv.o(.bss).
..\Output\PrjMoveCtrl.axf: Error: L6406E: No space in execution regions with .ANY selector matching tsidrv.o(.data).
..\Output\PrjMoveCtrl.axf: Error: L6406E: No space in execution regions with .ANY selector matching sysinit.o(.data).
..\Output\PrjMoveCtrl.axf: Error: L6406E: No space in execution regions with .ANY selector matching mcg.o(.data).
..\Output\PrjMoveCtrl.axf: Error: L6406E: No space in execution regions with .ANY selector matching retarget.o(.data).
..\Output\PrjMoveCtrl.axf: Error: L6406E: No space in execution regions with .ANY selector matching pit.o(.data).
..\Output\PrjMoveCtrl.axf: Error: L6406E: No space in execution regions with .ANY selector matching rtc.o(.data).
..\Output\PrjMoveCtrl.axf: Error: L6407E: Sections of aggregate size 0x100 bytes could not fit into .ANY selector(s).
"..\Output\PrjMoveCtrl.axf" - 9 Errors, 2 Warning(s).
Target not created
Build target '1'
compiling global.c...
compiling gpio.c...
compiling main.c...
compiling TSIDrv.c...
..\..\src\projects\Src\TSIDrv.c(22): warning:  #550-D: variable "AbsoluteDistancePosition" was set but never used
compiling alloc.c...
compiling assert.c...
compiling io.c...
compiling memtest.c...
compiling queue.c...
compiling stdlib.c...
compiling uif.c...
..\..\src\common\Src\uif.c(161): warning:  #1293-D: assignment in condition
compiling arm_cm0.c...
assembling MDK_MKL05Z4.s...
compiling nmi_isr_handler.c...
compiling sysinit.c...
compiling flag.c...
compiling flash.c...
compiling llwu.c...
compiling lptmr.c...
compiling mcg.c...
compiling pit.c...
compiling pmc.c...
compiling rcm.c...
compiling Retarget.c...
compiling rtc.c...
compiling Serial.c...
compiling uart.c...
linking...
..\Output\PrjMoveCtrl.axf: Error: L6406E: No space in execution regions with .ANY selector matching tsidrv.o(.bss).
..\Output\PrjMoveCtrl.axf: Error: L6406E: No space in execution regions with .ANY selector matching tsidrv.o(.data).
..\Output\PrjMoveCtrl.axf: Error: L6406E: No space in execution regions with .ANY selector matching sysinit.o(.data).
..\Output\PrjMoveCtrl.axf: Error: L6406E: No space in execution regions with .ANY selector matching mcg.o(.data).
..\Output\PrjMoveCtrl.axf: Error: L6406E: No space in execution regions with .ANY selector matching retarget.o(.data).
..\Output\PrjMoveCtrl.axf: Error: L6406E: No space in execution regions with .ANY selector matching pit.o(.data).
..\Output\PrjMoveCtrl.axf: Error: L6406E: No space in execution regions with .ANY selector matching rtc.o(.data).
..\Output\PrjMoveCtrl.axf: Error: L6407E: Sections of aggregate size 0xa0 bytes could not fit into .ANY selector(s).
"..\Output\PrjMoveCtrl.axf" - 8 Errors, 2 Warning(s).
Target not created
Build target '1'
linking...
Program Size: Code=13380 RO-data=32 RW-data=96 ZI-data=1088  
FromELF: creating hex file...
"..\Output\PrjMoveCtrl.axf" - 0 Errors, 0 Warning(s).
Load "..\\Output\\PrjMoveCtrl.axf" 
Set JLink Project File to "E:\Project\PrjMoveCtrl\CodeDev\PrjMoveCtrl\Code\build\MDK\JLinkSettings.ini"
* JLink Info: Device "MKL05Z32XXX4" selected.
 
JLink info:
------------
DLL: V5.10i, compiled Jan 28 2016 09:38:53
Firmware: J-Link OpenSDA compiled Oct 13 2015 12:09:57
Hardware: V1.00
S/N : 621000000 
 
***JLink Error: Debugger tries to select target interface JTAG.
This interface is not supported by the connected emulator.
Selection will be ignored by the DLL.
Build target '1'
linking...
Program Size: Code=13380 RO-data=32 RW-data=96 ZI-data=1088  
FromELF: creating hex file...
"..\Output\PrjMoveCtrl.axf" - 0 Errors, 0 Warning(s).
Load "..\\Output\\PrjMoveCtrl.axf" 
Set JLink Project File to "E:\Project\PrjMoveCtrl\CodeDev\PrjMoveCtrl\Code\build\MDK\JLinkSettings.ini"
* JLink Info: Device "MKL05Z32XXX4" selected.
 
JLink info:
------------
DLL: V5.10i, compiled Jan 28 2016 09:38:53
Firmware: J-Link OpenSDA compiled Oct 13 2015 12:09:57
Hardware: V1.00
S/N : 621000000 
 
***JLink Error: Debugger tries to select target interface JTAG.
This interface is not supported by the connected emulator.
Selection will be ignored by the DLL.
Build target '1'
linking...
Program Size: Code=13380 RO-data=32 RW-data=96 ZI-data=1088  
FromELF: creating hex file...
"..\Output\PrjMoveCtrl.axf" - 0 Errors, 0 Warning(s).
Rebuild target '1'
compiling global.c...
compiling gpio.c...
compiling main.c...
compiling TSIDrv.c...
..\..\src\projects\Src\TSIDrv.c(22): warning:  #550-D: variable "AbsoluteDistancePosition" was set but never used
compiling alloc.c...
compiling assert.c...
compiling io.c...
compiling memtest.c...
compiling queue.c...
compiling stdlib.c...
compiling uif.c...
..\..\src\common\Src\uif.c(161): warning:  #1293-D: assignment in condition
compiling arm_cm0.c...
assembling MDK_MKL05Z4.s...
compiling nmi_isr_handler.c...
compiling sysinit.c...
compiling flag.c...
compiling flash.c...
compiling llwu.c...
compiling lptmr.c...
compiling mcg.c...
compiling pit.c...
compiling pmc.c...
compiling rcm.c...
compiling Retarget.c...
compiling rtc.c...
compiling Serial.c...
compiling uart.c...
linking...
Program Size: Code=13380 RO-data=32 RW-data=96 ZI-data=1088  
FromELF: creating hex file...
"..\Output\PrjMoveCtrl.axf" - 0 Errors, 2 Warning(s).
Load "..\\Output\\PrjMoveCtrl.axf" 
Set JLink Project File to "E:\Project\PrjMoveCtrl\CodeDev\PrjMoveCtrl\Code\build\MDK\JLinkSettings.ini"
* JLink Info: Device "MKL05Z32XXX4" selected.
 
JLink info:
------------
DLL: V5.10i, compiled Jan 28 2016 09:38:53
Firmware: J-Link OpenSDA compiled Oct 13 2015 12:09:57
Hardware: V1.00
S/N : 621000000 
 
* JLink Info: Found SWD-DP with ID 0x0BC11477
* JLink Info: Found SWD-DP with ID 0x0BC11477
* JLink Info: Found Cortex-M0 r0p0, Little endian.
* JLink Info: FPUnit: 2 code (BP) slots and 0 literal slots
* JLink Info: CoreSight components:
* JLink Info: ROMTbl 0 @ F0002000
* JLink Info: ROMTbl 0 [0]: FFFFE000, CID: B105900D, PID: 000BB932 MTB-M0+
* JLink Info: ROMTbl 0 [1]: FFFFF000, CID: B105900D, PID: 0008E000 MTBDWT
* JLink Info: ROMTbl 0 [2]: F00FD000, CID: B105100D, PID: 000BB4C0 ROM Table
* JLink Info: ROMTbl 1 @ E00FF000
* JLink Info: ROMTbl 1 [0]: FFF0F000, CID: B105E00D, PID: 000BB008 SCS
* JLink Info: ROMTbl 1 [1]: FFF02000, CID: B105E00D, PID: 000BB00A DWT
* JLink Info: ROMTbl 1 [2]: FFF03000, CID: B105E00D, PID: 000BB00B FPB
Unlocking device...
ROMTableAddr = 0xE00FF003
**JLink Warning: S_RESET_ST not cleared
 
Target info:
------------
Device: MKL05Z32xxx4
VTarget = 3.300V
State of Pins: 
TCK: 0, TDI: 0, TDO: 0, TMS: 1, TRES: 0, TRST: 1
Hardware-Breakpoints: 2
Software-Breakpoints: 8192
Watchpoints:          2
JTAG speed: 1429 kHz
 
Erase Done.
Programming Done.
Verify OK.
Application running ...
Build target '1'
linking...
Program Size: Code=13380 RO-data=32 RW-data=96 ZI-data=1088  
FromELF: creating hex file...
"..\Output\PrjMoveCtrl.axf" - 0 Errors, 0 Warning(s).
